
sRIKANTH@LAPTOP-LIHPAC85 MINGW64 ~
$ pwd
/c/Users/sRIKANTH

sRIKANTH@LAPTOP-LIHPAC85 MINGW64 ~
$ cd OneDrive/Desktop/learn_python/

sRIKANTH@LAPTOP-LIHPAC85 MINGW64 ~/OneDrive/Desktop/learn_python (master)
$ ls
README.md    exception_handeling_excersize/  learn_classes/          loops/             test_append.txt
brfile.txt   files_excersize/                learn_collections/      modules_packages/  variables/
data_types/  functions/                      learn_multi_threading/  patterns/

sRIKANTH@LAPTOP-LIHPAC85 MINGW64 ~/OneDrive/Desktop/learn_python (master)
$ cd learn_multi_threading/

sRIKANTH@LAPTOP-LIHPAC85 MINGW64 ~/OneDrive/Desktop/learn_python/learn_multi_threading (master)
$ ls
thread1.py

sRIKANTH@LAPTOP-LIHPAC85 MINGW64 ~/OneDrive/Desktop/learn_python/learn_multi_threading (master)
$ git rm -r thread1.py
rm 'learn_multi_threading/thread1.py'

sRIKANTH@LAPTOP-LIHPAC85 MINGW64 ~/OneDrive/Desktop/learn_python/learn_multi_threading
$ ls
ls: cannot open directory '.': No such file or directory

sRIKANTH@LAPTOP-LIHPAC85 MINGW64 ~/OneDrive/Desktop/learn_python/learn_multi_threading
$ cd ..

sRIKANTH@LAPTOP-LIHPAC85 MINGW64 ~/OneDrive/Desktop/learn_python (master)
$ rm -r learn_multi_threading
rm: cannot remove 'learn_multi_threading': No such file or directory

sRIKANTH@LAPTOP-LIHPAC85 MINGW64 ~/OneDrive/Desktop/learn_python (master)
$ rm learn_multi_threading
rm: cannot remove 'learn_multi_threading': No such file or directory

sRIKANTH@LAPTOP-LIHPAC85 MINGW64 ~/OneDrive/Desktop/learn_python (master)
$ rm -d learn_multi_threading
rm: cannot remove 'learn_multi_threading': No such file or directory

sRIKANTH@LAPTOP-LIHPAC85 MINGW64 ~/OneDrive/Desktop/learn_python (master)
$ git help rm

sRIKANTH@LAPTOP-LIHPAC85 MINGW64 ~/OneDrive/Desktop/learn_python (master)
$ git help --rm
error: unknown option `rm'
usage: git help [--all] [--guides] [--man | --web | --info] [<command>]

    -a, --all             print all available commands
    -g, --guides          print list of useful guides
    -c, --config          print all configuration variable names
    -m, --man             show man page
    -w, --web             show manual in web browser
    -i, --info            show info page
    -v, --verbose         print command description


sRIKANTH@LAPTOP-LIHPAC85 MINGW64 ~/OneDrive/Desktop/learn_python (master)
$ git help -- a
The system cannot find the file C:/Program Files/Git/mingw64/share/doc/git-doc/gita.html.

sRIKANTH@LAPTOP-LIHPAC85 MINGW64 ~/OneDrive/Desktop/learn_python (master)
$ git help --a
See 'git help <command>' to read about a specific subcommand

Main Porcelain Commands
   add                  Add file contents to the index
   am                   Apply a series of patches from a mailbox
   archive              Create an archive of files from a named tree
   bisect               Use binary search to find the commit that introduced a bug
   branch               List, create, or delete branches
   bundle               Move objects and refs by archive
   checkout             Switch branches or restore working tree files
   cherry-pick          Apply the changes introduced by some existing commits
   citool               Graphical alternative to git-commit
   clean                Remove untracked files from the working tree
   clone                Clone a repository into a new directory
   commit               Record changes to the repository
   describe             Give an object a human readable name based on an available ref
   diff                 Show changes between commits, commit and working tree, etc
   fetch                Download objects and refs from another repository
   format-patch         Prepare patches for e-mail submission
   gc                   Cleanup unnecessary files and optimize the local repository
   gitk                 The Git repository browser
   grep                 Print lines matching a pattern
   gui                  A portable graphical interface to Git
   init                 Create an empty Git repository or reinitialize an existing one
   log                  Show commit logs
   maintenance          Run tasks to optimize Git repository data
   merge                Join two or more development histories together
   mv                   Move or rename a file, a directory, or a symlink
   notes                Add or inspect object notes
   pull                 Fetch from and integrate with another repository or a local branch
   push                 Update remote refs along with associated objects
   range-diff           Compare two commit ranges (e.g. two versions of a branch)
   rebase               Reapply commits on top of another base tip
   reset                Reset current HEAD to the specified state
   restore              Restore working tree files
   revert               Revert some existing commits
   rm                   Remove files from the working tree and from the index
   shortlog             Summarize 'git log' output
   show                 Show various types of objects
   sparse-checkout      Initialize and modify the sparse-checkout
   stash                Stash the changes in a dirty working directory away
   status               Show the working tree status
   submodule            Initialize, update or inspect submodules
   switch               Switch branches
   tag                  Create, list, delete or verify a tag object signed with GPG
   worktree             Manage multiple working trees

Ancillary Commands / Manipulators
   config               Get and set repository or global options
   fast-export          Git data exporter
   fast-import          Backend for fast Git data importers
   filter-branch        Rewrite branches
   mergetool            Run merge conflict resolution tools to resolve merge conflicts
   pack-refs            Pack heads and tags for efficient repository access
   prune                Prune all unreachable objects from the object database
   reflog               Manage reflog information
   remote               Manage set of tracked repositories
   repack               Pack unpacked objects in a repository
   replace              Create, list, delete refs to replace objects

Ancillary Commands / Interrogators
   annotate             Annotate file lines with commit information
   blame                Show what revision and author last modified each line of a file
   bugreport            Collect information for user to file a bug report
   count-objects        Count unpacked number of objects and their disk consumption
   difftool             Show changes using common diff tools
   fsck                 Verifies the connectivity and validity of the objects in the database
   gitweb               Git web interface (web frontend to Git repositories)
   help                 Display help information about Git
   instaweb             Instantly browse your working repository in gitweb
   merge-tree           Show three-way merge without touching index
   rerere               Reuse recorded resolution of conflicted merges
   show-branch          Show branches and their commits
   verify-commit        Check the GPG signature of commits
   verify-tag           Check the GPG signature of tags
   whatchanged          Show logs with difference each commit introduces

Interacting with Others
   archimport           Import a GNU Arch repository into Git
   cvsexportcommit      Export a single commit to a CVS checkout
   cvsimport            Salvage your data out of another SCM people love to hate
   cvsserver            A CVS server emulator for Git
   imap-send            Send a collection of patches from stdin to an IMAP folder
   p4                   Import from and submit to Perforce repositories
   quiltimport          Applies a quilt patchset onto the current branch
   request-pull         Generates a summary of pending changes
   send-email           Send a collection of patches as emails
   svn                  Bidirectional operation between a Subversion repository and Git

Low-level Commands / Manipulators
   apply                Apply a patch to files and/or to the index
   checkout-index       Copy files from the index to the working tree
   commit-graph         Write and verify Git commit-graph files
   commit-tree          Create a new commit object
   hash-object          Compute object ID and optionally creates a blob from a file
   index-pack           Build pack index file for an existing packed archive
   merge-file           Run a three-way file merge
   merge-index          Run a merge for files needing merging
   mktag                Creates a tag object with extra validation
   mktree               Build a tree-object from ls-tree formatted text
   multi-pack-index     Write and verify multi-pack-indexes
   pack-objects         Create a packed archive of objects
   prune-packed         Remove extra objects that are already in pack files
   read-tree            Reads tree information into the index
   symbolic-ref         Read, modify and delete symbolic refs
   unpack-objects       Unpack objects from a packed archive
   update-index         Register file contents in the working tree to the index
   update-ref           Update the object name stored in a ref safely
   write-tree           Create a tree object from the current index

Low-level Commands / Interrogators
   cat-file             Provide content or type and size information for repository objects
   cherry               Find commits yet to be applied to upstream
   diff-files           Compares files in the working tree and the index
   diff-index           Compare a tree to the working tree or index
   diff-tree            Compares the content and mode of blobs found via two tree objects
   for-each-ref         Output information on each ref
   for-each-repo        Run a Git command on a list of repositories
   get-tar-commit-id    Extract commit ID from an archive created using git-archive
   ls-files             Show information about files in the index and the working tree
   ls-remote            List references in a remote repository
   ls-tree              List the contents of a tree object
   merge-base           Find as good common ancestors as possible for a merge
   name-rev             Find symbolic names for given revs
   pack-redundant       Find redundant pack files
   rev-list             Lists commit objects in reverse chronological order
   rev-parse            Pick out and massage parameters
   show-index           Show packed archive index
   show-ref             List references in a local repository
   unpack-file          Creates a temporary file with a blob's contents
   var                  Show a Git logical variable
   verify-pack          Validate packed Git archive files

Low-level Commands / Syncing Repositories
   daemon               A really simple server for Git repositories
See 'git help <command>' to read about a specific subcommand

Main Porcelain Commands
   add                  Add file contents to the index
   am                   Apply a series of patches from a mailbox
   archive              Create an archive of files from a named tree
   bisect               Use binary search to find the commit that introduced a bug
   branch               List, create, or delete branches
   bundle               Move objects and refs by archive
   checkout             Switch branches or restore working tree files
   cherry-pick          Apply the changes introduced by some existing commits
   citool               Graphical alternative to git-commit
   clean                Remove untracked files from the working tree
   clone                Clone a repository into a new directory
   commit               Record changes to the repository
   describe             Give an object a human readable name based on an available ref
   diff                 Show changes between commits, commit and working tree, etc
   fetch                Download objects and refs from another repository
   format-patch         Prepare patches for e-mail submission
   gc                   Cleanup unnecessary files and optimize the local repository
   gitk                 The Git repository browser
   grep                 Print lines matching a pattern
   gui                  A portable graphical interface to Git
   init                 Create an empty Git repository or reinitialize an existing one
   log                  Show commit logs
   maintenance          Run tasks to optimize Git repository data
   merge                Join two or more development histories together
   mv                   Move or rename a file, a directory, or a symlink
   notes                Add or inspect object notes
   pull                 Fetch from and integrate with another repository or a local branch
   push                 Update remote refs along with associated objects
:
See 'git help <command>' to read about a specific subcommand

Main Porcelain Commands
   add                  Add file contents to the index
   am                   Apply a series of patches from a mailbox
   archive              Create an archive of files from a named tree
   bisect               Use binary search to find the commit that introduced a bug
   branch               List, create, or delete branches
   bundle               Move objects and refs by archive
   checkout             Switch branches or restore working tree files
   cherry-pick          Apply the changes introduced by some existing commits
   citool               Graphical alternative to git-commit
   clean                Remove untracked files from the working tree
   clone                Clone a repository into a new directory
   commit               Record changes to the repository
   describe             Give an object a human readable name based on an available ref
   diff                 Show changes between commits, commit and working tree, etc
   fetch                Download objects and refs from another repository
   format-patch         Prepare patches for e-mail submission
   gc                   Cleanup unnecessary files and optimize the local repository
   gitk                 The Git repository browser
   grep                 Print lines matching a pattern
   gui                  A portable graphical interface to Git
   init                 Create an empty Git repository or reinitialize an existing one
   log                  Show commit logs
   maintenance          Run tasks to optimize Git repository data
   merge                Join two or more development histories together
   mv                   Move or rename a file, a directory, or a symlink
   notes                Add or inspect object notes
   pull                 Fetch from and integrate with another repository or a local branch
   push                 Update remote refs along with associated objects
   range-diff           Compare two commit ranges (e.g. two versions of a branch)
   rebase               Reapply commits on top of another base tip
   reset                Reset current HEAD to the specified state
   restore              Restore working tree files
   revert               Revert some existing commits
   rm                   Remove files from the working tree and from the index
   shortlog             Summarize 'git log' output
   show                 Show various types of objects
   sparse-checkout      Initialize and modify the sparse-checkout
   stash                Stash the changes in a dirty working directory away
   status               Show the working tree status
   submodule            Initialize, update or inspect submodules
   switch               Switch branches
   tag                  Create, list, delete or verify a tag object signed with GPG
   worktree             Manage multiple working trees

Ancillary Commands / Manipulators
   config               Get and set repository or global options
   fast-export          Git data exporter
   fast-import          Backend for fast Git data importers
   filter-branch        Rewrite branches
   mergetool            Run merge conflict resolution tools to resolve merge conflicts
   pack-refs            Pack heads and tags for efficient repository access
   prune                Prune all unreachable objects from the object database
   reflog               Manage reflog information
   remote               Manage set of tracked repositories
   repack               Pack unpacked objects in a repository
   replace              Create, list, delete refs to replace objects

Ancillary Commands / Interrogators
   annotate             Annotate file lines with commit information
   blame                Show what revision and author last modified each line of a file
   bugreport            Collect information for user to file a bug report
   count-objects        Count unpacked number of objects and their disk consumption
   difftool             Show changes using common diff tools
   fsck                 Verifies the connectivity and validity of the objects in the database
   gitweb               Git web interface (web frontend to Git repositories)
   help                 Display help information about Git
   instaweb             Instantly browse your working repository in gitweb
   merge-tree           Show three-way merge without touching index
   rerere               Reuse recorded resolution of conflicted merges
   show-branch          Show branches and their commits
   verify-commit        Check the GPG signature of commits
   verify-tag           Check the GPG signature of tags
   whatchanged          Show logs with difference each commit introduces

Interacting with Others
   archimport           Import a GNU Arch repository into Git
   cvsexportcommit      Export a single commit to a CVS checkout
   cvsimport            Salvage your data out of another SCM people love to hate
   cvsserver            A CVS server emulator for Git
   imap-send            Send a collection of patches from stdin to an IMAP folder
   p4                   Import from and submit to Perforce repositories
   quiltimport          Applies a quilt patchset onto the current branch
   request-pull         Generates a summary of pending changes
   send-email           Send a collection of patches as emails
   svn                  Bidirectional operation between a Subversion repository and Git

Low-level Commands / Manipulators
   apply                Apply a patch to files and/or to the index
   checkout-index       Copy files from the index to the working tree
   commit-graph         Write and verify Git commit-graph files
   commit-tree          Create a new commit object
   hash-object          Compute object ID and optionally creates a blob from a file
   index-pack           Build pack index file for an existing packed archive
   merge-file           Run a three-way file merge
   merge-index          Run a merge for files needing merging
   mktag                Creates a tag object with extra validation
   mktree               Build a tree-object from ls-tree formatted text
   multi-pack-index     Write and verify multi-pack-indexes
   pack-objects         Create a packed archive of objects
   prune-packed         Remove extra objects that are already in pack files
   read-tree            Reads tree information into the index
   symbolic-ref         Read, modify and delete symbolic refs
   unpack-objects       Unpack objects from a packed archive
   update-index         Register file contents in the working tree to the index
   update-ref           Update the object name stored in a ref safely
   write-tree           Create a tree object from the current index

Low-level Commands / Interrogators
   cat-file             Provide content or type and size information for repository objects
   cherry               Find commits yet to be applied to upstream
   diff-files           Compares files in the working tree and the index
   diff-index           Compare a tree to the working tree or index
   diff-tree            Compares the content and mode of blobs found via two tree objects
   for-each-ref         Output information on each ref
   for-each-repo        Run a Git command on a list of repositories
   get-tar-commit-id    Extract commit ID from an archive created using git-archive
   ls-files             Show information about files in the index and the working tree
   ls-remote            List references in a remote repository
   ls-tree              List the contents of a tree object
   merge-base           Find as good common ancestors as possible for a merge
   name-rev             Find symbolic names for given revs
   pack-redundant       Find redundant pack files
   rev-list             Lists commit objects in reverse chronological order
   rev-parse            Pick out and massage parameters
   show-index           Show packed archive index
   show-ref             List references in a local repository
   unpack-file          Creates a temporary file with a blob's contents
   var                  Show a Git logical variable
   verify-pack          Validate packed Git archive files

Low-level Commands / Syncing Repositories
   daemon               A really simple server for Git repositories
   fetch-pack           Receive missing objects from another repository
   http-backend         Server side implementation of Git over HTTP
   send-pack            Push objects over Git protocol to another repository
   update-server-info   Update auxiliary info file to help dumb servers

Low-level Commands / Internal Helpers
   check-attr           Display gitattributes information
   check-ignore         Debug gitignore / exclude files
   check-mailmap        Show canonical names and email addresses of contacts
   check-ref-format     Ensures that a reference name is well formed
   column               Display data in columns
   credential           Retrieve and store user credentials
   credential-cache     Helper to temporarily store passwords in memory
   credential-store     Helper to store credentials on disk
   fmt-merge-msg        Produce a merge commit message
   interpret-trailers   Add or parse structured information in commit messages
   mailinfo             Extracts patch and authorship from a single e-mail message
   mailsplit            Simple UNIX mbox splitter program
   merge-one-file       The standard helper program to use with git-merge-index
   patch-id             Compute unique ID for a patch
   sh-i18n              Git's i18n setup code for shell scripts
   sh-setup             Common Git shell script setup code
   stripspace           Remove unnecessary whitespace

External commands
   askpass
   askyesno
   credential-helper-selector
   flow
   lfs
   update-git-for-windows
(END)
   fetch-pack           Receive missing objects from another repository
   http-backend         Server side implementation of Git over HTTP
   send-pack            Push objects over Git protocol to another repository
   update-server-info   Update auxiliary info file to help dumb servers

Low-level Commands / Internal Helpers
   check-attr           Display gitattributes information
   check-ignore         Debug gitignore / exclude files
   check-mailmap        Show canonical names and email addresses of contacts
   check-ref-format     Ensures that a reference name is well formed
   column               Display data in columns
   credential           Retrieve and store user credentials
   credential-cache     Helper to temporarily store passwords in memory
   credential-store     Helper to store credentials on disk
   fmt-merge-msg        Produce a merge commit message
   interpret-trailers   Add or parse structured information in commit messages
   mailinfo             Extracts patch and authorship from a single e-mail message
   mailsplit            Simple UNIX mbox splitter program
   merge-one-file       The standard helper program to use with git-merge-index
   patch-id             Compute unique ID for a patch
   sh-i18n              Git's i18n setup code for shell scripts
   sh-setup             Common Git shell script setup code
   stripspace           Remove unnecessary whitespace

External commands
   askpass
   askyesno
   credential-helper-selector
   flow
   lfs
   update-git-for-windows
(END)

sRIKANTH@LAPTOP-LIHPAC85 MINGW64 ~/OneDrive/Desktop/learn_python (master)
See 'git help <command>' to read about a specific subcommand

Main Porcelain Commands
   add                  Add file contents to the index
   am                   Apply a series of patches from a mailbox
   archive              Create an archive of files from a named tree
   bisect               Use binary search to find the commit that introduced a bug
   branch               List, create, or delete branches
   bundle               Move objects and refs by archive
   checkout             Switch branches or restore working tree files
   cherry-pick          Apply the changes introduced by some existing commits
   citool               Graphical alternative to git-commit
   clean                Remove untracked files from the working tree
   clone                Clone a repository into a new directory
   commit               Record changes to the repository
   describe             Give an object a human readable name based on an available ref
   diff                 Show changes between commits, commit and working tree, etc
   fetch                Download objects and refs from another repository
   format-patch         Prepare patches for e-mail submission
   gc                   Cleanup unnecessary files and optimize the local repository
   gitk                 The Git repository browser
   grep                 Print lines matching a pattern
   gui                  A portable graphical interface to Git
   init                 Create an empty Git repository or reinitialize an existing one
   log                  Show commit logs
   maintenance          Run tasks to optimize Git repository data
   merge                Join two or more development histories together
   mv                   Move or rename a file, a directory, or a symlink
   notes                Add or inspect object notes
   pull                 Fetch from and integrate with another repository or a local branch
   push                 Update remote refs along with associated objects
git status
On branch master
Your branch is up to date with 'origin/master'.

Changes to be committed:
  (use "git restore --staged <file>..." to unstage)
        deleted:    learn_git/gopi.txt
        deleted:    learn_git/hello.txt
        deleted:    learn_git/naga.txt
        deleted:    learn_git/naga2.txt
        deleted:    learn_git/naga3.txt
        deleted:    learn_git/srikanth.txt
        deleted:    learn_git/super.txt
        deleted:    learn_multi_threading/thread1.py
        renamed:    learn_git/moon.txt -> modules_packages/Regular_Expressions/__init__.py
        new file:   modules_packages/Regular_Expressions/methods/__init__.py
        new file:   modules_packages/Regular_Expressions/methods/findall/__init__.py
        renamed:    Regular_Expressions/methods/findall/findall_methods.py -> modules_packages/Regular_Expressions/methods/findall/findall_methods.py
        new file:   modules_packages/Regular_Expressions/methods/search/__init__.py
        renamed:    Regular_Expressions/methods/search/search_method.py -> modules_packages/Regular_Expressions/methods/search/search_method.py
        new file:   modules_packages/Regular_Expressions/methods/split/__init__.py
        renamed:    Regular_Expressions/methods/split/split_methods.py -> modules_packages/Regular_Expressions/methods/split/split_methods.py
        renamed:    Regular_Expressions/programe1.py -> modules_packages/Regular_Expressions/programe1.py
        renamed:    Regular_Expressions/programe_2.py -> modules_packages/Regular_Expressions/programe_2.py
        renamed:    Regular_Expressions/reg_example4.py -> modules_packages/Regular_Expressions/reg_example4.py
        renamed:    Regular_Expressions/reg_new.py -> modules_packages/Regular_Expressions/reg_new.py
        renamed:    Regular_Expressions/reg_pattern.py -> modules_packages/Regular_Expressions/reg_pattern.py
        renamed:    Regular_Expressions/regular_expresion_functions.py -> modules_packages/Regular_Expressions/regular_expresion_functions.py
        renamed:    Regular_Expressions/regular_expression_example.py -> modules_packages/Regular_Expressions/regular_expression_example.py
        renamed:    Regular_Expressions/regular_expression_example3.py -> modules_packages/Regular_Expressions/regular_expression_example3.py
        renamed:    Regular_Expressions/test_re.py -> modules_packages/Regular_Expressions/test_re.py
        renamed:    Regular_Expressions/test_split.py -> modules_packages/Regular_Expressions/test_split.py
        new file:   modules_packages/multi_threading/__init__.py
        renamed:    learn_multi_threading/thread_2.py -> modules_packages/multi_threading/creating_threads/type - 1/example_1.py
        renamed:    learn_multi_threading/thread_3.py -> modules_packages/multi_threading/creating_threads/type -2/example_1.py

Changes not staged for commit:
  (use "git add <file>..." to update what will be committed)
  (use "git restore <file>..." to discard changes in working directory)
        modified:   modules_packages/multi_threading/creating_threads/type - 1/example_1.py
        modified:   modules_packages/multi_threading/creating_threads/type -2/example_1.py

Untracked files:
  (use "git add <file>..." to include in what will be committed)
        modules_packages/multi_threading/creating_threads/__init__.py
        modules_packages/multi_threading/creating_threads/type - 1/__init__.py
        modules_packages/multi_threading/creating_threads/type -2/__init__.py
        modules_packages/multi_threading/creating_threads/type -2/example_2.py


sRIKANTH@LAPTOP-LIHPAC85 MINGW64 ~/OneDrive/Desktop/learn_python (master)
$ git add.
git: 'add.' is not a git command. See 'git --help'.

The most similar command is
        add

sRIKANTH@LAPTOP-LIHPAC85 MINGW64 ~/OneDrive/Desktop/learn_python (master)
$ git add .


sRIKANTH@LAPTOP-LIHPAC85 MINGW64 ~/OneDrive/Desktop/learn_python (master)
$

sRIKANTH@LAPTOP-LIHPAC85 MINGW64 ~/OneDrive/Desktop/learn_python (master)
$ git status
On branch master
Your branch is up to date with 'origin/master'.

Changes to be committed:
  (use "git restore --staged <file>..." to unstage)
        deleted:    learn_git/gopi.txt
        deleted:    learn_git/hello.txt
        deleted:    learn_git/naga.txt
        deleted:    learn_git/naga2.txt
        deleted:    learn_git/naga3.txt
        deleted:    learn_git/srikanth.txt
        deleted:    learn_git/super.txt
        deleted:    learn_multi_threading/thread1.py
        deleted:    learn_multi_threading/thread_3.py
        renamed:    learn_git/moon.txt -> modules_packages/Regular_Expressions/__init__.py
        new file:   modules_packages/Regular_Expressions/methods/__init__.py
        new file:   modules_packages/Regular_Expressions/methods/findall/__init__.py
        renamed:    Regular_Expressions/methods/findall/findall_methods.py -> modules_packages/Regular_Expressions/methods/findall/findall_methods.py
        new file:   modules_packages/Regular_Expressions/methods/search/__init__.py
        renamed:    Regular_Expressions/methods/search/search_method.py -> modules_packages/Regular_Expressions/methods/search/search_method.py
        new file:   modules_packages/Regular_Expressions/methods/split/__init__.py
        renamed:    Regular_Expressions/methods/split/split_methods.py -> modules_packages/Regular_Expressions/methods/split/split_methods.py
        renamed:    Regular_Expressions/programe1.py -> modules_packages/Regular_Expressions/programe1.py
        renamed:    Regular_Expressions/programe_2.py -> modules_packages/Regular_Expressions/programe_2.py
        renamed:    Regular_Expressions/reg_example4.py -> modules_packages/Regular_Expressions/reg_example4.py
        renamed:    Regular_Expressions/reg_new.py -> modules_packages/Regular_Expressions/reg_new.py
        renamed:    Regular_Expressions/reg_pattern.py -> modules_packages/Regular_Expressions/reg_pattern.py
        renamed:    Regular_Expressions/regular_expresion_functions.py -> modules_packages/Regular_Expressions/regular_expresion_functions.py
        renamed:    Regular_Expressions/regular_expression_example.py -> modules_packages/Regular_Expressions/regular_expression_example.py
        renamed:    Regular_Expressions/regular_expression_example3.py -> modules_packages/Regular_Expressions/regular_expression_example3.py
        renamed:    Regular_Expressions/test_re.py -> modules_packages/Regular_Expressions/test_re.py
        renamed:    Regular_Expressions/test_split.py -> modules_packages/Regular_Expressions/test_split.py
        new file:   modules_packages/multi_threading/__init__.py
        new file:   modules_packages/multi_threading/creating_threads/__init__.py
        new file:   modules_packages/multi_threading/creating_threads/type - 1/__init__.py
        renamed:    learn_multi_threading/thread_2.py -> modules_packages/multi_threading/creating_threads/type - 1/example_1.py
        new file:   modules_packages/multi_threading/creating_threads/type -2/__init__.py
        new file:   modules_packages/multi_threading/creating_threads/type -2/example_1.py
        new file:   modules_packages/multi_threading/creating_threads/type -2/example_2.py


sRIKANTH@LAPTOP-LIHPAC85 MINGW64 ~/OneDrive/Desktop/learn_python (master)
$ git commit -m"some files are deleted and some files are created
>
>
> git commit -m"some files are deleted and some files are created

^C

sRIKANTH@LAPTOP-LIHPAC85 MINGW64 ~/OneDrive/Desktop/learn_python (master)
$ git commit -m"some files are deleted and some files are created"


[master edc451a] some files are deleted and some files are created
 34 files changed, 55 insertions(+), 37 deletions(-)
 delete mode 100644 learn_git/gopi.txt
 delete mode 100644 learn_git/hello.txt
 delete mode 100644 learn_git/naga.txt
 delete mode 100644 learn_git/naga2.txt
 delete mode 100644 learn_git/naga3.txt
 delete mode 100644 learn_git/srikanth.txt
 delete mode 100644 learn_git/super.txt
 delete mode 100644 learn_multi_threading/thread1.py
 delete mode 100644 learn_multi_threading/thread_3.py
 rename learn_git/moon.txt => modules_packages/Regular_Expressions/__init__.py (100%)
 create mode 100644 modules_packages/Regular_Expressions/methods/__init__.py
 create mode 100644 modules_packages/Regular_Expressions/methods/findall/__init__.py
 rename {Regular_Expressions => modules_packages/Regular_Expressions}/methods/findall/findall_methods.py (100%)
 create mode 100644 modules_packages/Regular_Expressions/methods/search/__init__.py
 rename {Regular_Expressions => modules_packages/Regular_Expressions}/methods/search/search_method.py (100%)
 create mode 100644 modules_packages/Regular_Expressions/methods/split/__init__.py
 rename {Regular_Expressions => modules_packages/Regular_Expressions}/methods/split/split_methods.py (100%)
 rename {Regular_Expressions => modules_packages/Regular_Expressions}/programe1.py (100%)
 rename {Regular_Expressions => modules_packages/Regular_Expressions}/programe_2.py (100%)
 rename {Regular_Expressions => modules_packages/Regular_Expressions}/reg_example4.py (100%)
 rename {Regular_Expressions => modules_packages/Regular_Expressions}/reg_new.py (100%)
 rename {Regular_Expressions => modules_packages/Regular_Expressions}/reg_pattern.py (100%)
 rename {Regular_Expressions => modules_packages/Regular_Expressions}/regular_expresion_functions.py (100%)
 rename {Regular_Expressions => modules_packages/Regular_Expressions}/regular_expression_example.py (100%)
 rename {Regular_Expressions => modules_packages/Regular_Expressions}/regular_expression_example3.py (100%)
 rename {Regular_Expressions => modules_packages/Regular_Expressions}/test_re.py (100%)
 rename {Regular_Expressions => modules_packages/Regular_Expressions}/test_split.py (100%)
 create mode 100644 modules_packages/multi_threading/__init__.py
 create mode 100644 modules_packages/multi_threading/creating_threads/__init__.py
 create mode 100644 modules_packages/multi_threading/creating_threads/type - 1/__init__.py
 rename learn_multi_threading/thread_2.py => modules_packages/multi_threading/creating_threads/type - 1/example_1.py (50%)
 create mode 100644 modules_packages/multi_threading/creating_threads/type -2/__init__.py
 create mode 100644 modules_packages/multi_threading/creating_threads/type -2/example_1.py
 create mode 100644 modules_packages/multi_threading/creating_threads/type -2/example_2.py

sRIKANTH@LAPTOP-LIHPAC85 MINGW64 ~/OneDrive/Desktop/learn_python (master)
$ git push
Enumerating objects: 31, done.
Counting objects: 100% (31/31), done.
Delta compression using up to 12 threads
Compressing objects: 100% (28/28), done.
Writing objects: 100% (29/29), 11.26 KiB | 2.25 MiB/s, done.
Total 29 (delta 2), reused 10 (delta 0), pack-reused 0
remote: Resolving deltas: 100% (2/2), completed with 2 local objects.
To https://github.com/srikanth0806/learn_python.git
   2f33300..edc451a  master -> master

sRIKANTH@LAPTOP-LIHPAC85 MINGW64 ~/OneDrive/Desktop/learn_python (master)
$ git status
On branch master
Your branch is up to date with 'origin/master'.

nothing to commit, working tree clean

sRIKANTH@LAPTOP-LIHPAC85 MINGW64 ~/OneDrive/Desktop/learn_python (master)
$ ls
README.md    exception_handeling_excersize/  learn_classes/      modules_packages/  variables/
brfile.txt   files_excersize/                learn_collections/  patterns/
data_types/  functions/                      loops/              test_append.txt

sRIKANTH@LAPTOP-LIHPAC85 MINGW64 ~/OneDrive/Desktop/learn_python (master)
$ mv brfile.txt
mv: missing destination file operand after 'brfile.txt'
Try 'mv --help' for more information.

sRIKANTH@LAPTOP-LIHPAC85 MINGW64 ~/OneDrive/Desktop/learn_python (master)
$ mv --help
Usage: mv [OPTION]... [-T] SOURCE DEST
  or:  mv [OPTION]... SOURCE... DIRECTORY
  or:  mv [OPTION]... -t DIRECTORY SOURCE...
Rename SOURCE to DEST, or move SOURCE(s) to DIRECTORY.

Mandatory arguments to long options are mandatory for short options too.
      --backup[=CONTROL]       make a backup of each existing destination file
  -b                           like --backup but does not accept an argument
  -f, --force                  do not prompt before overwriting
  -i, --interactive            prompt before overwrite
  -n, --no-clobber             do not overwrite an existing file
If you specify more than one of -i, -f, -n, only the final one takes effect.
      --strip-trailing-slashes  remove any trailing slashes from each SOURCE
                                 argument
  -S, --suffix=SUFFIX          override the usual backup suffix
  -t, --target-directory=DIRECTORY  move all SOURCE arguments into DIRECTORY
  -T, --no-target-directory    treat DEST as a normal file
  -u, --update                 move only when the SOURCE file is newer
                                 than the destination file or when the
                                 destination file is missing
  -v, --verbose                explain what is being done
  -Z, --context                set SELinux security context of destination
                                 file to default type
      --help     display this help and exit
      --version  output version information and exit

The backup suffix is '~', unless set with --suffix or SIMPLE_BACKUP_SUFFIX.
The version control method may be selected via the --backup option or through
the VERSION_CONTROL environment variable.  Here are the values:

  none, off       never make backups (even if --backup is given)
  numbered, t     make numbered backups
  existing, nil   numbered if numbered backups exist, simple otherwise
  simple, never   always make simple backups

GNU coreutils online help: <https://www.gnu.org/software/coreutils/>
Report any translation bugs to <https://translationproject.org/team/>
Full documentation <https://www.gnu.org/software/coreutils/mv>
or available locally via: info '(coreutils) mv invocation'

sRIKANTH@LAPTOP-LIHPAC85 MINGW64 ~/OneDrive/Desktop/learn_python (master)
$ git revert --help

sRIKANTH@LAPTOP-LIHPAC85 MINGW64 ~/OneDrive/Desktop/learn_python (master)
$ ls
README.md    exception_handeling_excersize/  learn_classes/      modules_packages/  variables/
brfile.txt   files_excersize/                learn_collections/  patterns/
data_types/  functions/                      loops/              test_append.txt

sRIKANTH@LAPTOP-LIHPAC85 MINGW64 ~/OneDrive/Desktop/learn_python (master)
$ touch srikanth.txt

sRIKANTH@LAPTOP-LIHPAC85 MINGW64 ~/OneDrive/Desktop/learn_python (master)
$ ls
README.md    exception_handeling_excersize/  learn_classes/      modules_packages/  test_append.txt
brfile.txt   files_excersize/                learn_collections/  patterns/          variables/
data_types/  functions/                      loops/              srikanth.txt

sRIKANTH@LAPTOP-LIHPAC85 MINGW64 ~/OneDrive/Desktop/learn_python (master)
$ cat >> srikanth.txt
hai, i am srikanth
i am from guntur


sRIKANTH@LAPTOP-LIHPAC85 MINGW64 ~/OneDrive/Desktop/learn_python (master)
$ cat srikanth.txt
hai, i am srikanth
i am from guntur

sRIKANTH@LAPTOP-LIHPAC85 MINGW64 ~/OneDrive/Desktop/learn_python (master)
$ mv srikath.txt
mv: missing destination file operand after 'srikath.txt'
Try 'mv --help' for more information.

sRIKANTH@LAPTOP-LIHPAC85 MINGW64 ~/OneDrive/Desktop/learn_python (master)
$ mv srikanth.txt
mv: missing destination file operand after 'srikanth.txt'
Try 'mv --help' for more information.

sRIKANTH@LAPTOP-LIHPAC85 MINGW64 ~/OneDrive/Desktop/learn_python (master)
$ mv srikanth.txt
mv: missing destination file operand after 'srikanth.txt'
Try 'mv --help' for more information.

sRIKANTH@LAPTOP-LIHPAC85 MINGW64 ~/OneDrive/Desktop/learn_python (master)
$ git status
On branch master
Your branch is up to date with 'origin/master'.

Untracked files:
  (use "git add <file>..." to include in what will be committed)
        srikanth.txt

nothing added to commit but untracked files present (use "git add" to track)

sRIKANTH@LAPTOP-LIHPAC85 MINGW64 ~/OneDrive/Desktop/learn_python (master)
$ git branch
* master
  test

sRIKANTH@LAPTOP-LIHPAC85 MINGW64 ~/OneDrive/Desktop/learn_python (master)
$ git log
commit edc451ad8acdff6ae00c14330211ad5fe335cdf3 (HEAD -> master, origin/master, origin/HEAD)
Author: [srikanth] <[tallapallisrikanth1159@gmail.com]>
Date:   Thu Mar 10 15:15:35 2022 +0530

    some files are deleted and some files are created

commit 2f3330062275a01e562088a3cfaf497635f7afa6 (origin/test, test)
Merge: 170d9ef 0ecdb0e
Author: [srikanth] <[tallapallisrikanth1159@gmail.com]>
Date:   Wed Mar 9 15:40:38 2022 +0530

    Merge branch 'master' into test

commit 170d9efc3d7a29b6f7f58fbf4ebc61bdaf4658bb
Author: [srikanth] <[tallapallisrikanth1159@gmail.com]>
Date:   Wed Mar 9 15:40:11 2022 +0530

    updated files

commit 0ecdb0eee727815fb54a09948de94d73827f239f
Author: [srikanth] <[tallapallisrikanth1159@gmail.com]>
Date:   Tue Mar 8 16:15:31 2022 +0530

    updationg regex

commit 9de84b2b93937ac8c07f53bb04e6f656776dd497
Author: [srikanth] <[tallapallisrikanth1159@gmail.com]>
Date:   Mon Mar 7 16:57:51 2022 +0530

    Revert "added some data in files"


sRIKANTH@LAPTOP-LIHPAC85 MINGW64 ~/OneDrive/Desktop/learn_python (master)
$

sRIKANTH@LAPTOP-LIHPAC85 MINGW64 ~/OneDrive/Desktop/learn_python (master)
$ git checkout test
Switched to branch 'test'
Your branch is up to date with 'origin/test'.

sRIKANTH@LAPTOP-LIHPAC85 MINGW64 ~/OneDrive/Desktop/learn_python (test)
$ git branch
  master
* test

sRIKANTH@LAPTOP-LIHPAC85 MINGW64 ~/OneDrive/Desktop/learn_python (test)
$ git log
commit 2f3330062275a01e562088a3cfaf497635f7afa6 (HEAD -> test, origin/test)
Merge: 170d9ef 0ecdb0e
Author: [srikanth] <[tallapallisrikanth1159@gmail.com]>
Date:   Wed Mar 9 15:40:38 2022 +0530

    Merge branch 'master' into test

commit 170d9efc3d7a29b6f7f58fbf4ebc61bdaf4658bb
Author: [srikanth] <[tallapallisrikanth1159@gmail.com]>
Date:   Wed Mar 9 15:40:11 2022 +0530

    updated files

commit 0ecdb0eee727815fb54a09948de94d73827f239f
Author: [srikanth] <[tallapallisrikanth1159@gmail.com]>
Date:   Tue Mar 8 16:15:31 2022 +0530

    updationg regex

commit 9de84b2b93937ac8c07f53bb04e6f656776dd497
Author: [srikanth] <[tallapallisrikanth1159@gmail.com]>
Date:   Mon Mar 7 16:57:51 2022 +0530

    Revert "added some data in files"

    This reverts commit a115db4f7de0d0384ff9a4bd232fa486a59f5f17.

commit a115db4f7de0d0384ff9a4bd232fa486a59f5f17
Author: [srikanth] <[tallapallisrikanth1159@gmail.com]>
Date:   Mon Mar 7 16:55:55 2022 +0530


sRIKANTH@LAPTOP-LIHPAC85 MINGW64 ~/OneDrive/Desktop/learn_python (test)
$ git checkout master
Switched to branch 'master'
Your branch is up to date with 'origin/master'.

sRIKANTH@LAPTOP-LIHPAC85 MINGW64 ~/OneDrive/Desktop/learn_python (master)
$ git status
On branch master
Your branch is up to date with 'origin/master'.

Untracked files:
  (use "git add <file>..." to include in what will be committed)
        srikanth.txt

nothing added to commit but untracked files present (use "git add" to track)

sRIKANTH@LAPTOP-LIHPAC85 MINGW64 ~/OneDrive/Desktop/learn_python (master)
$ ls
README.md    exception_handeling_excersize/  learn_classes/      modules_packages/  test_append.txt
brfile.txt   files_excersize/                learn_collections/  patterns/          variables/
data_types/  functions/                      loops/              srikanth.txt

sRIKANTH@LAPTOP-LIHPAC85 MINGW64 ~/OneDrive/Desktop/learn_python (master)
$ git add srikanth.txt
warning: LF will be replaced by CRLF in srikanth.txt.
The file will have its original line endings in your working directory

sRIKANTH@LAPTOP-LIHPAC85 MINGW64 ~/OneDrive/Desktop/learn_python (master)
$ mkdir learn_git

sRIKANTH@LAPTOP-LIHPAC85 MINGW64 ~/OneDrive/Desktop/learn_python (master)
$ cd learn_git/

sRIKANTH@LAPTOP-LIHPAC85 MINGW64 ~/OneDrive/Desktop/learn_python/learn_git (master)
$ cat >> hello.txt
this is naga
super hero


sRIKANTH@LAPTOP-LIHPAC85 MINGW64 ~/OneDrive/Desktop/learn_python/learn_git (master)
$ cat hello.txt
this is naga
super hero

sRIKANTH@LAPTOP-LIHPAC85 MINGW64 ~/OneDrive/Desktop/learn_python/learn_git (master)
$ git add hello.txt
warning: LF will be replaced by CRLF in learn_git/hello.txt.
The file will have its original line endings in your working directory

sRIKANTH@LAPTOP-LIHPAC85 MINGW64 ~/OneDrive/Desktop/learn_python/learn_git (master)
$ git commit -m "added learn-GIT "
[master 45035a8] added learn-GIT
 2 files changed, 4 insertions(+)
 create mode 100644 learn_git/hello.txt
 create mode 100644 srikanth.txt

sRIKANTH@LAPTOP-LIHPAC85 MINGW64 ~/OneDrive/Desktop/learn_python/learn_git (master)
$ git push
Enumerating objects: 6, done.
Counting objects: 100% (6/6), done.
Delta compression using up to 12 threads
Compressing objects: 100% (2/2), done.
Writing objects: 100% (5/5), 433 bytes | 216.00 KiB/s, done.
Total 5 (delta 1), reused 0 (delta 0), pack-reused 0
remote: Resolving deltas: 100% (1/1), completed with 1 local object.
To https://github.com/srikanth0806/learn_python.git
   edc451a..45035a8  master -> master

sRIKANTH@LAPTOP-LIHPAC85 MINGW64 ~/OneDrive/Desktop/learn_python/learn_git (master)
$ git checkout test
Switched to branch 'test'
Your branch is up to date with 'origin/test'.

sRIKANTH@LAPTOP-LIHPAC85 MINGW64 ~/OneDrive/Desktop/learn_python/learn_git (test)
$ git branch
  master
* test

sRIKANTH@LAPTOP-LIHPAC85 MINGW64 ~/OneDrive/Desktop/learn_python/learn_git (test)
$ git merge master
Updating 2f33300..45035a8
Fast-forward
 learn_git/gopi.txt                                 |  1 -
 learn_git/hello.txt                                |  7 ++---
 learn_git/naga.txt                                 |  3 ---
 learn_git/naga2.txt                                |  1 -
 learn_git/naga3.txt                                |  1 -
 learn_git/srikanth.txt                             |  1 -
 learn_git/super.txt                                |  6 -----
 learn_multi_threading/thread1.py                   |  5 ----
 learn_multi_threading/thread_3.py                  | 11 --------
 .../Regular_Expressions/__init__.py                |  0
 .../Regular_Expressions/methods/__init__.py        |  0
 .../methods/findall/__init__.py                    |  0
 .../methods/findall/findall_methods.py             |  0
 .../Regular_Expressions/methods/search/__init__.py |  0
 .../methods/search/search_method.py                |  0
 .../Regular_Expressions/methods/split/__init__.py  |  0
 .../methods/split/split_methods.py                 |  0
 .../Regular_Expressions}/programe1.py              |  0
 .../Regular_Expressions}/programe_2.py             |  0
 .../Regular_Expressions}/reg_example4.py           |  0
 .../Regular_Expressions}/reg_new.py                |  0
 .../Regular_Expressions}/reg_pattern.py            |  0
 .../regular_expresion_functions.py                 |  0
 .../regular_expression_example.py                  |  0
 .../regular_expression_example3.py                 |  0
 .../Regular_Expressions}/test_re.py                |  0
 .../Regular_Expressions}/test_split.py             |  0
 modules_packages/multi_threading/__init__.py       |  0
 .../multi_threading/creating_threads/__init__.py   |  0
 .../creating_threads/type - 1/__init__.py          |  0
 .../creating_threads/type - 1/example_1.py         | 10 ++++---
 .../creating_threads/type -2/__init__.py           |  0
 .../creating_threads/type -2/example_1.py          | 17 ++++++++++++
 .../creating_threads/type -2/example_2.py          | 31 ++++++++++++++++++++++
 srikanth.txt                                       |  2 ++
 35 files changed, 59 insertions(+), 37 deletions(-)
 delete mode 100644 learn_git/gopi.txt
 delete mode 100644 learn_git/naga.txt
 delete mode 100644 learn_git/naga2.txt
 delete mode 100644 learn_git/naga3.txt
 delete mode 100644 learn_git/srikanth.txt
 delete mode 100644 learn_git/super.txt
 delete mode 100644 learn_multi_threading/thread1.py
 delete mode 100644 learn_multi_threading/thread_3.py
 rename learn_git/moon.txt => modules_packages/Regular_Expressions/__init__.py (100%)
 create mode 100644 modules_packages/Regular_Expressions/methods/__init__.py
 create mode 100644 modules_packages/Regular_Expressions/methods/findall/__init__.py
 rename {Regular_Expressions => modules_packages/Regular_Expressions}/methods/findall/findall_methods.py (100%)
 create mode 100644 modules_packages/Regular_Expressions/methods/search/__init__.py
 rename {Regular_Expressions => modules_packages/Regular_Expressions}/methods/search/search_method.py (100%)
 create mode 100644 modules_packages/Regular_Expressions/methods/split/__init__.py
 rename {Regular_Expressions => modules_packages/Regular_Expressions}/methods/split/split_methods.py (100%)
 rename {Regular_Expressions => modules_packages/Regular_Expressions}/programe1.py (100%)
 rename {Regular_Expressions => modules_packages/Regular_Expressions}/programe_2.py (100%)
 rename {Regular_Expressions => modules_packages/Regular_Expressions}/reg_example4.py (100%)
 rename {Regular_Expressions => modules_packages/Regular_Expressions}/reg_new.py (100%)
 rename {Regular_Expressions => modules_packages/Regular_Expressions}/reg_pattern.py (100%)
 rename {Regular_Expressions => modules_packages/Regular_Expressions}/regular_expresion_functions.py (100%)
 rename {Regular_Expressions => modules_packages/Regular_Expressions}/regular_expression_example.py (100%)
 rename {Regular_Expressions => modules_packages/Regular_Expressions}/regular_expression_example3.py (100%)
 rename {Regular_Expressions => modules_packages/Regular_Expressions}/test_re.py (100%)
 rename {Regular_Expressions => modules_packages/Regular_Expressions}/test_split.py (100%)
 create mode 100644 modules_packages/multi_threading/__init__.py
 create mode 100644 modules_packages/multi_threading/creating_threads/__init__.py
 create mode 100644 modules_packages/multi_threading/creating_threads/type - 1/__init__.py
 rename learn_multi_threading/thread_2.py => modules_packages/multi_threading/creating_threads/type - 1/example_1.py (50%)
 create mode 100644 modules_packages/multi_threading/creating_threads/type -2/__init__.py
 create mode 100644 modules_packages/multi_threading/creating_threads/type -2/example_1.py
 create mode 100644 modules_packages/multi_threading/creating_threads/type -2/example_2.py
 create mode 100644 srikanth.txt

sRIKANTH@LAPTOP-LIHPAC85 MINGW64 ~/OneDrive/Desktop/learn_python/learn_git (test)
$ git status
On branch test
Your branch is ahead of 'origin/test' by 2 commits.
  (use "git push" to publish your local commits)

nothing to commit, working tree clean

sRIKANTH@LAPTOP-LIHPAC85 MINGW64 ~/OneDrive/Desktop/learn_python/learn_git (test)
$ git push
Total 0 (delta 0), reused 0 (delta 0), pack-reused 0
To https://github.com/srikanth0806/learn_python.git
   2f33300..45035a8  test -> test

sRIKANTH@LAPTOP-LIHPAC85 MINGW64 ~/OneDrive/Desktop/learn_python/learn_git (test)
$ git branch
  master
* test

sRIKANTH@LAPTOP-LIHPAC85 MINGW64 ~/OneDrive/Desktop/learn_python/learn_git (test)
$ ls
hello.txt

sRIKANTH@LAPTOP-LIHPAC85 MINGW64 ~/OneDrive/Desktop/learn_python/learn_git (test)
$ pwd
/c/Users/sRIKANTH/OneDrive/Desktop/learn_python/learn_git

sRIKANTH@LAPTOP-LIHPAC85 MINGW64 ~/OneDrive/Desktop/learn_python/learn_git (test)
$ cd ..

sRIKANTH@LAPTOP-LIHPAC85 MINGW64 ~/OneDrive/Desktop/learn_python (test)
$ ls
README.md    exception_handeling_excersize/  learn_classes/      loops/             srikanth.txt
brfile.txt   files_excersize/                learn_collections/  modules_packages/  test_append.txt
data_types/  functions/                      learn_git/          patterns/          variables/

sRIKANTH@LAPTOP-LIHPAC85 MINGW64 ~/OneDrive/Desktop/learn_python (test)
$

sRIKANTH@LAPTOP-LIHPAC85 MINGW64 ~/OneDrive/Desktop/learn_python (test)
$ git revert 45035a8fe41f9f56c47f1e39e73724b538d733bf
Removing srikanth.txt
Removing learn_git/hello.txt
[test 118efc2] Revert "added learn-GIT"
 2 files changed, 4 deletions(-)
 delete mode 100644 learn_git/hello.txt
 delete mode 100644 srikanth.txt

sRIKANTH@LAPTOP-LIHPAC85 MINGW64 ~/OneDrive/Desktop/learn_python (test)
$ ls
README.md    exception_handeling_excersize/  learn_classes/      modules_packages/  variables/
brfile.txt   files_excersize/                learn_collections/  patterns/
data_types/  functions/                      loops/              test_append.txt

sRIKANTH@LAPTOP-LIHPAC85 MINGW64 ~/OneDrive/Desktop/learn_python (test)
$ git push
Enumerating objects: 3, done.
Counting objects: 100% (3/3), done.
Delta compression using up to 12 threads
Compressing objects: 100% (2/2), done.
Writing objects: 100% (2/2), 272 bytes | 272.00 KiB/s, done.
Total 2 (delta 1), reused 0 (delta 0), pack-reused 0
remote: Resolving deltas: 100% (1/1), completed with 1 local object.
To https://github.com/srikanth0806/learn_python.git
   45035a8..118efc2  test -> test

sRIKANTH@LAPTOP-LIHPAC85 MINGW64 ~/OneDrive/Desktop/learn_python (test)
$ ls
README.md    exception_handeling_excersize/  learn_classes/      modules_packages/  variables/
brfile.txt   files_excersize/                learn_collections/  patterns/
data_types/  functions/                      loops/              test_append.txt

sRIKANTH@LAPTOP-LIHPAC85 MINGW64 ~/OneDrive/Desktop/learn_python (test)
$ ls
README.md    exception_handeling_excersize/  learn_classes/      modules_packages/  variables/
brfile.txt   files_excersize/                learn_collections/  patterns/
data_types/  functions/                      loops/              test_append.txt

sRIKANTH@LAPTOP-LIHPAC85 MINGW64 ~/OneDrive/Desktop/learn_python (test)
$ mkdir srikanath

sRIKANTH@LAPTOP-LIHPAC85 MINGW64 ~/OneDrive/Desktop/learn_python (test)
$ ls
README.md    exception_handeling_excersize/  learn_classes/      modules_packages/  test_append.txt
brfile.txt   files_excersize/                learn_collections/  patterns/          variables/
data_types/  functions/                      loops/              srikanath/

sRIKANTH@LAPTOP-LIHPAC85 MINGW64 ~/OneDrive/Desktop/learn_python (test)
$ cd srikath
bash: cd: srikath: No such file or directory

sRIKANTH@LAPTOP-LIHPAC85 MINGW64 ~/OneDrive/Desktop/learn_python (test)
$ cd srikanath/

sRIKANTH@LAPTOP-LIHPAC85 MINGW64 ~/OneDrive/Desktop/learn_python/srikanath (test)
$ touch gopi.txt

sRIKANTH@LAPTOP-LIHPAC85 MINGW64 ~/OneDrive/Desktop/learn_python/srikanath (test)
$ cat >>
bash: syntax error near unexpected token `newline'

sRIKANTH@LAPTOP-LIHPAC85 MINGW64 ~/OneDrive/Desktop/learn_python/srikanath (test)
$ cat >> hai i am decorator
cat: i: No such file or directory
cat: am: No such file or directory
cat: decorator: No such file or directory

sRIKANTH@LAPTOP-LIHPAC85 MINGW64 ~/OneDrive/Desktop/learn_python/srikanath (test)
$ cat >>gopi.txt
hai i am decorator


sRIKANTH@LAPTOP-LIHPAC85 MINGW64 ~/OneDrive/Desktop/learn_python/srikanath (test)
$ cat gopi.txt
hai i am decorator

sRIKANTH@LAPTOP-LIHPAC85 MINGW64 ~/OneDrive/Desktop/learn_python/srikanath (test)
$ git status
On branch test
Your branch is up to date with 'origin/test'.

Untracked files:
  (use "git add <file>..." to include in what will be committed)
        ./

nothing added to commit but untracked files present (use "git add" to track)

sRIKANTH@LAPTOP-LIHPAC85 MINGW64 ~/OneDrive/Desktop/learn_python/srikanath (test)
$ git add
Nothing specified, nothing added.
hint: Maybe you wanted to say 'git add .'?
hint: Turn this message off by running
hint: "git config advice.addEmptyPathspec false"

sRIKANTH@LAPTOP-LIHPAC85 MINGW64 ~/OneDrive/Desktop/learn_python/srikanath (test)
$ ls
gopi.txt  hai

sRIKANTH@LAPTOP-LIHPAC85 MINGW64 ~/OneDrive/Desktop/learn_python/srikanath (test)
$ vi gopi.xt

sRIKANTH@LAPTOP-LIHPAC85 MINGW64 ~/OneDrive/Desktop/learn_python/srikanath (test)
$ git status
On branch test
Your branch is up to date with 'origin/test'.

Untracked files:
  (use "git add <file>..." to include in what will be committed)
        ./

nothing added to commit but untracked files present (use "git add" to track)

sRIKANTH@LAPTOP-LIHPAC85 MINGW64 ~/OneDrive/Desktop/learn_python/srikanath (test)
$ cd ..

sRIKANTH@LAPTOP-LIHPAC85 MINGW64 ~/OneDrive/Desktop/learn_python (test)
$ git status
On branch test
Your branch is up to date with 'origin/test'.

Untracked files:
  (use "git add <file>..." to include in what will be committed)
        srikanath/

nothing added to commit but untracked files present (use "git add" to track)

sRIKANTH@LAPTOP-LIHPAC85 MINGW64 ~/OneDrive/Desktop/learn_python (test)
$ git add .
warning: LF will be replaced by CRLF in srikanath/gopi.txt.
The file will have its original line endings in your working directory
warning: LF will be replaced by CRLF in srikanath/gopi.xt.
The file will have its original line endings in your working directory

sRIKANTH@LAPTOP-LIHPAC85 MINGW64 ~/OneDrive/Desktop/learn_python (test)
$ git commit -m "adding srikanth directory"
[test 3d6d17b] adding srikanth directory
 3 files changed, 2 insertions(+)
 create mode 100644 srikanath/gopi.txt
 create mode 100644 srikanath/gopi.xt
 create mode 100644 srikanath/hai

sRIKANTH@LAPTOP-LIHPAC85 MINGW64 ~/OneDrive/Desktop/learn_python (test)
$ git push
Enumerating objects: 7, done.
Counting objects: 100% (7/7), done.
Delta compression using up to 12 threads
Compressing objects: 100% (3/3), done.
Writing objects: 100% (6/6), 449 bytes | 449.00 KiB/s, done.
Total 6 (delta 1), reused 1 (delta 0), pack-reused 0
remote: Resolving deltas: 100% (1/1), completed with 1 local object.
To https://github.com/srikanth0806/learn_python.git
   118efc2..3d6d17b  test -> test

sRIKANTH@LAPTOP-LIHPAC85 MINGW64 ~/OneDrive/Desktop/learn_python (test)
$ git logg
git: 'logg' is not a git command. See 'git --help'.

The most similar command is
        log

sRIKANTH@LAPTOP-LIHPAC85 MINGW64 ~/OneDrive/Desktop/learn_python (test)
$ git log
commit 3d6d17b8481b854cf0d36452991b9ce5f3c956d7 (HEAD -> test, origin/test)
Author: [srikanth] <[tallapallisrikanth1159@gmail.com]>
Date:   Thu Mar 10 16:26:46 2022 +0530

    adding srikanth directory

commit 118efc2a1f1ce25b25321d7c4ddb7c8c18630ef0
Author: [srikanth] <[tallapallisrikanth1159@gmail.com]>
Date:   Thu Mar 10 16:11:25 2022 +0530

    Revert "added learn-GIT"

    This reverts commit 45035a8fe41f9f56c47f1e39e73724b538d733bf.

commit 45035a8fe41f9f56c47f1e39e73724b538d733bf (origin/master, origin/HEAD, master)
Author: [srikanth] <[tallapallisrikanth1159@gmail.com]>
Date:   Thu Mar 10 16:06:58 2022 +0530

    added learn-GIT

commit edc451ad8acdff6ae00c14330211ad5fe335cdf3
Author: [srikanth] <[tallapallisrikanth1159@gmail.com]>
Date:   Thu Mar 10 15:15:35 2022 +0530

    some files are deleted and some files are created

commit 2f3330062275a01e562088a3cfaf497635f7afa6
Merge: 170d9ef 0ecdb0e
Author: [srikanth] <[tallapallisrikanth1159@gmail.com]>
Date:   Wed Mar 9 15:40:38 2022 +0530

    Merge branch 'master' into test

commit 170d9efc3d7a29b6f7f58fbf4ebc61bdaf4658bb
Author: [srikanth] <[tallapallisrikanth1159@gmail.com]>
Date:   Wed Mar 9 15:40:11 2022 +0530

    updated files

commit 0ecdb0eee727815fb54a09948de94d73827f239f
Author: [srikanth] <[tallapallisrikanth1159@gmail.com]>
Date:   Tue Mar 8 16:15:31 2022 +0530

    updationg regex

commit 9de84b2b93937ac8c07f53bb04e6f656776dd497
Author: [srikanth] <[tallapallisrikanth1159@gmail.com]>
Date:   Mon Mar 7 16:57:51 2022 +0530

    Revert "added some data in files"

    This reverts commit a115db4f7de0d0384ff9a4bd232fa486a59f5f17.

commit a115db4f7de0d0384ff9a4bd232fa486a59f5f17
Author: [srikanth] <[tallapallisrikanth1159@gmail.com]>
Date:   Mon Mar 7 16:55:55 2022 +0530

    added some data in files

commit 253a45bb6b89a6cbe6ad26bb485c349968cf6b19
Merge: 005d567 11978c7
Author: [srikanth] <[tallapallisrikanth1159@gmail.com]>
Date:   Mon Mar 7 16:42:03 2022 +0530

    Merge branch 'master' of https://github.com/srikanth0806/learn_python

commit 005d567ffc260e54ac221284060a079013d7f4f9
Author: [srikanth] <[tallapallisrikanth1159@gmail.com]>
Date:   Mon Mar 7 16:31:36 2022 +0530

     these are text files

commit 11978c7c6e990a6c31fc309a6111fc5629f48841
Author: [srikanth] <[tallapallisrikanth1159@gmail.com]>
Date:   Mon Mar 7 16:31:36 2022 +0530

     this is a text file of name is gopi

commit edb8be4074bef31564644c3cca7b557f6a8544d9
Author: [srikanth] <[tallapallisrikanth1159@gmail.com]>
Date:   Mon Mar 7 16:09:26 2022 +0530

    naga2 and naga3 file added

commit e83bef109d8f5176371e82c57a3843644fdbbb0d
Author: [srikanth] <[tallapallisrikanth1159@gmail.com]>
Date:   Mon Mar 7 16:06:53 2022 +0530

    Revert "updating super.txt fiel with new changes"

    This reverts commit b25197ef1b060d8b620e7050adf3c852e478b148.

commit b25197ef1b060d8b620e7050adf3c852e478b148
Author: [srikanth] <[tallapallisrikanth1159@gmail.com]>
Date:   Mon Mar 7 16:04:05 2022 +0530

    updating super.txt fiel with new changes

commit 3f0a3c88cfdf4add62f57a3894b1edaae9e7ad03
Author: [srikanth] <[tallapallisrikanth1159@gmail.com]>
Date:   Mon Mar 7 16:01:02 2022 +0530

    Revert "added bad code"

    This reverts commit 2b5182ac78dc8069d4142d1f176c4b7ba5af2f1f.

commit 7bc37dd953eddf2f38f5fad5f87e5d3941674f78
Author: [srikanth] <[tallapallisrikanth1159@gmail.com]>
Date:   Mon Mar 7 15:57:18 2022 +0530

    Revert "adding bad code again"

    This reverts commit af7a58cd9cdd80f5179222ad008311160e9b1c01.

commit af7a58cd9cdd80f5179222ad008311160e9b1c01
Author: [srikanth] <[tallapallisrikanth1159@gmail.com]>
Date:   Mon Mar 7 15:45:52 2022 +0530

    adding bad code again

commit 2b5182ac78dc8069d4142d1f176c4b7ba5af2f1f
Author: [srikanth] <[tallapallisrikanth1159@gmail.com]>
Date:   Mon Mar 7 15:44:44 2022 +0530

    added bad code

commit 88514eee6301cbc83b404c1021ca62e111e81173
Author: [srikanth] <[tallapallisrikanth1159@gmail.com]>
Date:   Mon Mar 7 10:57:52 2022 +0530

    changing the f_s_same.py file

    i

    modified:   f_s_same.py

commit ba2e4c7b972353b35316a504dabec08398a4e0c9
Author: [srikanth] <[tallapallisrikanth1159@gmail.com]>
Date:   Mon Mar 7 10:34:58 2022 +0530

     rearage the programes

commit 5953961079042d2300a4462a1b191657fd7e2cc4
Merge: 5cb3642 27fe782
Author: TALLAPALLI SRIKANTH <93901587+srikanth0806@users.noreply.github.com>
Date:   Sat Mar 5 18:57:44 2022 +0530

    Merge pull request #4 from srikanth0806/naga

    added naga.txt and updated hello.txt

commit 27fe7821ba647b4574d226d71e63184e13088e11
Author: Nageswara Rao Thallapalli <nagthallapalli@gmail.com>
Date:   Sat Mar 5 18:55:23 2022 +0530

    addrssed comments

commit 63f05c5001e1694a9872651fede5b6eb93b40e6d
Author: Nageswara Rao Thallapalli <nagthallapalli@gmail.com>
Date:   Sat Mar 5 18:40:40 2022 +0530

    added naga.txt and updated hello.txt

commit 5cb3642714f48401b6c0547a66b89dd84d04750d
Merge: 5d8c881 71f7d89
Author: TALLAPALLI SRIKANTH <93901587+srikanth0806@users.noreply.github.com>
Date:   Sat Mar 5 18:20:29 2022 +0530

    Merge pull request #3 from srikanth0806/test2

    adding super.txt

commit 71f7d8971ff22305cfbad38c715df3cdde24c8c6
Author: [srikanth] <[tallapallisrikanth1159@gmail.com]>
Date:   Sat Mar 5 18:15:53 2022 +0530

    adding super.txt

commit 5d8c881ad636196dd5121000497107e5d82b2e9d
Merge: 3b8a301 e1c7f36
Author: TALLAPALLI SRIKANTH <93901587+srikanth0806@users.noreply.github.com>
Date:   Sat Mar 5 18:07:24 2022 +0530

    Merge pull request #2 from srikanth0806/test

    adding a hello.txt file

commit e1c7f369fa31689335774a083cdd13586c27d458
Author: [srikanth] <[tallapallisrikanth1159@gmail.com]>
Date:   Sat Mar 5 18:06:14 2022 +0530

    modifed human names

commit ff0477ab79f4373449696274f602345eca36d580
Author: [srikanth] <[tallapallisrikanth1159@gmail.com]>
Date:   Sat Mar 5 17:55:46 2022 +0530

    adding a hello.txt file

commit 3b8a301ba556f1a10c99f46e392996c9de4c6ea3
Author: [srikanth] <[tallapallisrikanth1159@gmail.com]>
Date:   Sat Mar 5 17:26:08 2022 +0530

    adding files::

commit a04ea614ceb74f682a26835b0aa2b3cbb73261ae
Author: TALLAPALLI SRIKANTH <tallapallisrikanth1159@gmail.com>
Date:   Fri Feb 4 16:27:23 2022 +0530

     commit factorial

commit be70e69e2466b09447d998d403393387382f880d
Merge: ac32819 c8e9191
Author: TALLAPALLI SRIKANTH <93901587+srikanth0806@users.noreply.github.com>
Date:   Fri Jan 28 11:32:30 2022 +0530

    Merge pull request #1 from srikanth0806/new_br

    new br file

commit c8e919110b484f5c854a965f808a85c27f91688d
Author: srikanth <tallapallisrikanth1159@gmail.com>
Date:   Fri Jan 28 11:23:22 2022 +0530

    new br file

commit ac3281904e164188f5cb7971ebe5cbe0ea17d89a
Author: srikanth <tallapallisrikanth1159@gmail.com>
Date:   Fri Jan 28 11:14:12 2022 +0530

    updated readme file

commit 376e838f7876ac2b0de819aa46b0cd0c7d8c8b8d
Author: TALLAPALLI SRIKANTH <93901587+srikanth0806@users.noreply.github.com>
Date:   Mon Jan 17 14:34:10 2022 +0530

    Create README.md

commit 0fac79c2d7d8bb2a5ae305396529589bbc6c9092
Author: srikanth <tallapallisrikanth1159@gmail.com>
Date:   Mon Dec 6 12:45:24 2021 +0530

    some programees

commit e1eebfcd51580d9adaf9ae5c4ad803bc4427de29
Author: srikanth <tallapallisrikanth1159@gmail.com>
Date:   Sat Nov 27 10:54:21 2021 +0530

    some progrmmes

commit 54afd86a6ac769a67e469df31e6ae6f27ac74ef1
Author: srikanth <tallapallisrikanth1159@gmail.com>
Date:   Fri Nov 19 11:54:27 2021 +0530

    some changes are there

commit ecc8760c39616c30a790220dec91868826a9899c
Author: srikanth <tallapallisrikanth1159@gmail.com>
Date:   Tue Nov 16 11:19:59 2021 +0530

     scope of the variable
:
    updated readme file

commit 376e838f7876ac2b0de819aa46b0cd0c7d8c8b8d
Author: TALLAPALLI SRIKANTH <93901587+srikanth0806@users.noreply.github.com>
Date:   Mon Jan 17 14:34:10 2022 +0530

    Create README.md

commit 0fac79c2d7d8bb2a5ae305396529589bbc6c9092
Author: srikanth <tallapallisrikanth1159@gmail.com>
Date:   Mon Dec 6 12:45:24 2021 +0530

    some programees

commit e1eebfcd51580d9adaf9ae5c4ad803bc4427de29
Author: srikanth <tallapallisrikanth1159@gmail.com>
Date:   Sat Nov 27 10:54:21 2021 +0530

    some progrmmes

commit 54afd86a6ac769a67e469df31e6ae6f27ac74ef1
Author: srikanth <tallapallisrikanth1159@gmail.com>
Date:   Fri Nov 19 11:54:27 2021 +0530

    some changes are there

commit ecc8760c39616c30a790220dec91868826a9899c
Author: srikanth <tallapallisrikanth1159@gmail.com>
Date:   Tue Nov 16 11:19:59 2021 +0530

     scope of the variable

commit 712e892e73ae039637018552a76f9d217b3e05b3
Author: srikanth <tallapallisrikanth1159@gmail.com>
Date:   Tue Nov 16 11:16:43 2021 +0530

    this is a lambda function  programe

commit d24400010b59ea23bc065e6b94401fd5f99391f7
Author: srikanth <tallapallisrikanth1159@gmail.com>
Date:   Tue Nov 16 11:14:12 2021 +0530

    this evens programe

commit 536615eab4c79b350c6b5859a1efe74b36ac955f
Author: srikanth <tallapallisrikanth1159@gmail.com>
Date:   Tue Nov 16 11:10:32 2021 +0530

    module programe

commit 64cd446852bb527541de368448783694182bbb28
Author: srikanth <tallapallisrikanth1159@gmail.com>
Date:   Tue Nov 16 11:03:53 2021 +0530

     yester day  practiced programms

commit 5a923492b9906ebe90103c881bf1d40df3cfb90a
Author: srikanth0806 <tallapallisrikanth1159@gmail.com>
Date:   Wed Nov 10 16:27:32 2021 +0530

    multiplication Table

commit 02516417023ec70610bfcf0fc16f34d80c4fea8d
Author: srikanth0806 <tallapallisrikanth1159@gmail.com>
Date:   Wed Nov 10 16:24:12 2021 +0530

     sum all the items in a list

commit edc8f5bcb6f690bd8918b1c4de63b6e3f6c7e1f3
Author: srikanth0806 <tallapallisrikanth1159@gmail.com>
Date:   Wed Nov 10 16:20:06 2021 +0530

    this is a palindrome programe

commit ad5975cef0398b290aa762332cc5b7b880f9121b
Author: srikanth0806 <tallapallisrikanth1159@gmail.com>
Date:   Wed Nov 10 16:10:47 2021 +0530

    some programes

commit d539f111de0c952073a03509aa60951196381d9c
Author: srikanth0806 <tallapallisrikanth1159@gmail.com>
Date:   Wed Nov 10 08:18:01 2021 +0530

    this is a area of circle programe

commit 13086d69d381d9d338d4657dd1571259d3737ce9
Author: srikanth0806 <tallapallisrikanth1159@gmail.com>
Date:   Tue Nov 9 21:14:23 2021 +0530

    this is a palindrome code

commit a35241d91dd099cb08015426ad0a5b368a494ed9
Author: srikanth0806 <tallapallisrikanth1159@gmail.com>
Date:   Tue Nov 9 15:55:29 2021 +0530

    adding two numbers

commit 34d52c3e2298b2e3d0b57f9eac185ee2c46e2727
Author: srikanth0806 <tallapallisrikanth1159@gmail.com>
Date:   Mon Nov 8 12:41:42 2021 +0530

    added comment in exc_expample2

commit 1d11d4eee053c6b51932aa2b4ddc8609da49611a
Author: srikanth0806 <tallapallisrikanth1159@gmail.com>
Date:   Mon Nov 8 12:32:25 2021 +0530

     adding all my previous work to this repository

commit 04ce974a738b4dbe4d9b1ac8c7a00994d6ae7054
Author: srikanth0806 <tallapallisrikanth1159@gmail.com>
Date:   Mon Nov 8 12:19:46 2021 +0530

    new line added in first.py

commit 5a3139008a4650f6a714576158ac9d76f0595f51
Author: srikanth0806 <tallapallisrikanth1159@gmail.com>
Date:   Mon Nov 8 12:17:05 2021 +0530

    writing first file..py

commit 30b3e1670fb03052b54bedc573bb2cd6ea64354f
Author: srikanth0806 <tallapallisrikanth1159@gmail.com>
Date:   Mon Nov 8 12:12:47 2021 +0530

    Revert "added newfile"

    This reverts commit fe38be84c6177b2ae75e3badbf68849c09ca17dd.

commit a0927fc22d3fa7f0f6c835acf4949ba12e3c62c5
Author: srikanth0806 <tallapallisrikanth1159@gmail.com>
Date:   Mon Nov 8 12:10:19 2021 +0530

    added newfile

commit abf257c0c3741721e4cee9f0d732635a5647525d
Author: srikanth0806 <93901587+srikanth0806@users.noreply.github.com>
Date:   Mon Nov 8 11:42:12 2021 +0530

    Update README.md

commit 69d7bf678801885ac5d9468f638aa814d4638261
Author: srikanth0806 <93901587+srikanth0806@users.noreply.github.com>
Date:   Mon Nov 8 11:41:01 2021 +0530

    Initial commit
(END)

sRIKANTH@LAPTOP-LIHPAC85 MINGW64 ~/OneDrive/Desktop/learn_python (test)
commit 3d6d17b8481b854cf0d36452991b9ce5f3c956d7 (HEAD -> test, origin/test)
Author: [srikanth] <[tallapallisrikanth1159@gmail.com]>
Date:   Thu Mar 10 16:26:46 2022 +0530

    adding srikanth directory

commit 118efc2a1f1ce25b25321d7c4ddb7c8c18630ef0
Author: [srikanth] <[tallapallisrikanth1159@gmail.com]>
Date:   Thu Mar 10 16:11:25 2022 +0530

    Revert "added learn-GIT"

    This reverts commit 45035a8fe41f9f56c47f1e39e73724b538d733bf.

commit 45035a8fe41f9f56c47f1e39e73724b538d733bf (origin/master, origin/HEAD, master)
Author: [srikanth] <[tallapallisrikanth1159@gmail.com]>
Date:   Thu Mar 10 16:06:58 2022 +0530

    added learn-GIT

commit edc451ad8acdff6ae00c14330211ad5fe335cdf3
Author: [srikanth] <[tallapallisrikanth1159@gmail.com]>
Date:   Thu Mar 10 15:15:35 2022 +0530

    some files are deleted and some files are created

commit 2f3330062275a01e562088a3cfaf497635f7afa6
Merge: 170d9ef 0ecdb0e
Author: [srikanth] <[tallapallisrikanth1159@gmail.com]>
Date:   Wed Mar 9 15:40:38 2022 +0530

^C


sRIKANTH@LAPTOP-LIHPAC85 MINGW64 ~/OneDrive/Desktop/learn_python (test)
$ git branch
  master
* test

sRIKANTH@LAPTOP-LIHPAC85 MINGW64 ~/OneDrive/Desktop/learn_python (test)
$ git checkout master
Switched to branch 'master'
Your branch is up to date with 'origin/master'.

sRIKANTH@LAPTOP-LIHPAC85 MINGW64 ~/OneDrive/Desktop/learn_python (master)
$ git log
commit 45035a8fe41f9f56c47f1e39e73724b538d733bf (HEAD -> master, origin/master, origin/HEAD)
Author: [srikanth] <[tallapallisrikanth1159@gmail.com]>
Date:   Thu Mar 10 16:06:58 2022 +0530

    added learn-GIT

commit edc451ad8acdff6ae00c14330211ad5fe335cdf3
Author: [srikanth] <[tallapallisrikanth1159@gmail.com]>
Date:   Thu Mar 10 15:15:35 2022 +0530

    some files are deleted and some files are created

commit 2f3330062275a01e562088a3cfaf497635f7afa6
Merge: 170d9ef 0ecdb0e
Author: [srikanth] <[tallapallisrikanth1159@gmail.com]>
Date:   Wed Mar 9 15:40:38 2022 +0530

    Merge branch 'master' into test

commit 170d9efc3d7a29b6f7f58fbf4ebc61bdaf4658bb
Author: [srikanth] <[tallapallisrikanth1159@gmail.com]>
Date:   Wed Mar 9 15:40:11 2022 +0530

    updated files

commit 0ecdb0eee727815fb54a09948de94d73827f239f
Author: [srikanth] <[tallapallisrikanth1159@gmail.com]>
Date:   Tue Mar 8 16:15:31 2022 +0530

    updationg regex

commit 9de84b2b93937ac8c07f53bb04e6f656776dd497
Author: [srikanth] <[tallapallisrikanth1159@gmail.com]>
Date:   Mon Mar 7 16:57:51 2022 +0530

    Revert "added some data in files"

    This reverts commit a115db4f7de0d0384ff9a4bd232fa486a59f5f17.

commit a115db4f7de0d0384ff9a4bd232fa486a59f5f17
Author: [srikanth] <[tallapallisrikanth1159@gmail.com]>
Date:   Mon Mar 7 16:55:55 2022 +0530

    added some data in files

commit 253a45bb6b89a6cbe6ad26bb485c349968cf6b19
Merge: 005d567 11978c7
Author: [srikanth] <[tallapallisrikanth1159@gmail.com]>
Date:   Mon Mar 7 16:42:03 2022 +0530

    Merge branch 'master' of https://github.com/srikanth0806/learn_python

commit 005d567ffc260e54ac221284060a079013d7f4f9
Author: [srikanth] <[tallapallisrikanth1159@gmail.com]>
Date:   Mon Mar 7 16:31:36 2022 +0530

     these are text files

commit 11978c7c6e990a6c31fc309a6111fc5629f48841
Author: [srikanth] <[tallapallisrikanth1159@gmail.com]>
Date:   Mon Mar 7 16:31:36 2022 +0530

     this is a text file of name is gopi

commit edb8be4074bef31564644c3cca7b557f6a8544d9
Author: [srikanth] <[tallapallisrikanth1159@gmail.com]>
Date:   Mon Mar 7 16:09:26 2022 +0530

    naga2 and naga3 file added

commit e83bef109d8f5176371e82c57a3843644fdbbb0d
Author: [srikanth] <[tallapallisrikanth1159@gmail.com]>
Date:   Mon Mar 7 16:06:53 2022 +0530

    Revert "updating super.txt fiel with new changes"

    This reverts commit b25197ef1b060d8b620e7050adf3c852e478b148.

commit b25197ef1b060d8b620e7050adf3c852e478b148
Author: [srikanth] <[tallapallisrikanth1159@gmail.com]>
Date:   Mon Mar 7 16:04:05 2022 +0530

    updating super.txt fiel with new changes

commit 3f0a3c88cfdf4add62f57a3894b1edaae9e7ad03
Author: [srikanth] <[tallapallisrikanth1159@gmail.com]>
Date:   Mon Mar 7 16:01:02 2022 +0530

    Revert "added bad code"

    This reverts commit 2b5182ac78dc8069d4142d1f176c4b7ba5af2f1f.

commit 7bc37dd953eddf2f38f5fad5f87e5d3941674f78
Author: [srikanth] <[tallapallisrikanth1159@gmail.com]>
Date:   Mon Mar 7 15:57:18 2022 +0530

    Revert "adding bad code again"

    This reverts commit af7a58cd9cdd80f5179222ad008311160e9b1c01.

commit af7a58cd9cdd80f5179222ad008311160e9b1c01
Author: [srikanth] <[tallapallisrikanth1159@gmail.com]>
Date:   Mon Mar 7 15:45:52 2022 +0530

    adding bad code again


sRIKANTH@LAPTOP-LIHPAC85 MINGW64 ~/OneDrive/Desktop/learn_python (master)
$ git merge test
Updating 45035a8..3d6d17b
Fast-forward
 learn_git/hello.txt | 2 --
 srikanath/gopi.txt  | 1 +
 srikanath/gopi.xt   | 1 +
 srikanath/hai       | 0
 srikanth.txt        | 2 --
 5 files changed, 2 insertions(+), 4 deletions(-)
 delete mode 100644 learn_git/hello.txt
 create mode 100644 srikanath/gopi.txt
 create mode 100644 srikanath/gopi.xt
 create mode 100644 srikanath/hai
 delete mode 100644 srikanth.txt

sRIKANTH@LAPTOP-LIHPAC85 MINGW64 ~/OneDrive/Desktop/learn_python (master)
$ git status
On branch master
Your branch is ahead of 'origin/master' by 2 commits.
  (use "git push" to publish your local commits)

nothing to commit, working tree clean

sRIKANTH@LAPTOP-LIHPAC85 MINGW64 ~/OneDrive/Desktop/learn_python (master)
$
